
Allocating common symbols
Common symbol       size              file

spinCount           0x4               binaries/initialize.o
netbufpool          0x4               binaries/net.o
readylist           0x2               binaries/ready.o
rfltab              0x5a0             binaries/rflinit.o
netportseed         0x8               binaries/net.o
sleepq              0x2               binaries/clkinit.o
nnames              0x4               binaries/naminit.o
udptab              0x168             binaries/udp.o
minheap             0x4               binaries/meminit.o
marks               0x50              binaries/mark.o
currpid             0x4               binaries/initialize.o
Lf_data             0x20c             binaries/lfsinit.o
nlockCount          0x4               binaries/initialize.o
porttab             0x2d0             binaries/ptinit.o
girmask             0x2               binaries/evec.o
ttytab              0x110             binaries/ttyinit.o
proctab             0x5910            binaries/initialize.o
prcount             0x4               binaries/initialize.o
lfltab              0xf00             binaries/lflinit.o
rdstab              0x8c              binaries/rdsinit.o
ethertab            0x130             binaries/ethinit.o
NetData             0xb0              binaries/net.o
nmarks              0x4               binaries/mark.o
al_nlock            0x4               binaries/initialize.o
initsp              0x4               binaries/i386.o
Defer               0x8               binaries/resched.o
semtab              0x4b0             binaries/initialize.o
maxheap             0x4               binaries/meminit.o
preempt             0x4               binaries/clkinit.o
buftab              0xf0              binaries/bufinit.o
Rf_data             0x18              binaries/rfsinit.o
mkmutex             0x4               binaries/mark.o
pi_nlockCount       0x4               binaries/initialize.o
clktime             0x4               binaries/clkinit.o
arpcache            0x140             binaries/arp.o
icmptab             0x230             binaries/icmp.o
nbpools             0x4               binaries/bufinit.o
queuetab            0xa20             binaries/queue.o
ptnextid            0x4               binaries/ptinit.o
Ram                 0x19000           binaries/raminit.o
ipoqueue            0x2c              binaries/ip.o
memlist             0x8               binaries/initialize.o
nametab             0x19a0            binaries/naminit.o
ptfree              0x4               binaries/ptinit.o

Memory Configuration

Name             Origin             Length             Attributes
*default*        0x0000000000000000 0xffffffffffffffff

Linker script and memory map

                0x0000000000100000                physbase = 0x100000
                0x0000000000100000                . = physbase
                0x0000000000100000                . = ALIGN (0x1000)

.text           0x0000000000100000    0x1c000
                0x0000000000100000                text = ABSOLUTE (.)
 *(.text .text.*)
 .text          0x0000000000100000      0x165 binaries/start.o
                0x0000000000100020                entry
                0x000000000010003d                start
                0x00000000001000a5                inb
                0x00000000001000ad                inw
                0x00000000001000b6                inl
                0x00000000001000be                outb
                0x00000000001000c8                outw
                0x00000000001000d3                outl
                0x00000000001000dd                _rtcin
                0x00000000001000e8                ___udivsi3
                0x00000000001000f3                ___divsi3
                0x00000000001000ff                sbzero
                0x000000000010010f                bcopy
                0x0000000000100123                insw
                0x0000000000100139                outsw
                0x000000000010014f                lidt
                0x0000000000100157                jumptocode
                0x000000000010015e                jumptobootcode
 .text          0x0000000000100165      0x7af binaries/active_lock.o
                0x0000000000100165                al_initlock
                0x00000000001001b6                al_lock
                0x00000000001003fc                al_unlock
                0x000000000010055c                al_trylock
                0x0000000000100582                al_park
                0x00000000001005e8                al_unpark
                0x0000000000100696                al_setpark
                0x00000000001006d5                al_restoreq
                0x00000000001007f0                check_deadlock
 .text          0x0000000000100914      0x3e3 binaries/ascdate.o
                0x0000000000100914                ascdate
 .text          0x0000000000100cf7       0x14 binaries/bufinit.o
                0x0000000000100cf7                bufinit
 .text          0x0000000000100d0b       0x97 binaries/chprio.o
                0x0000000000100d0b                chprio
 .text          0x0000000000100da2      0x12d binaries/clkhandler.o
                0x0000000000100da2                clkhandler
 .text          0x0000000000100ecf       0x7e binaries/clkinit.o
                0x0000000000100ecf                clkinit
 .text          0x0000000000100f4d       0x75 binaries/close.o
                0x0000000000100f4d                close
 .text          0x0000000000100fc2        0x0 binaries/conf.o
 .text          0x0000000000100fc2       0x7b binaries/control.o
                0x0000000000100fc2                control
 .text          0x000000000010103d      0x2f1 binaries/create.o
                0x000000000010103d                create
 .text          0x000000000010132e      0x361 binaries/evec.o
                0x000000000010132e                initevec
                0x0000000000101385                set_evec
                0x0000000000101427                trap
 .text          0x000000000010168f       0x19 binaries/exit.o
                0x000000000010168f                exit
 .text          0x00000000001016a8       0x8c binaries/freebuf.o
                0x00000000001016a8                freebuf
 .text          0x0000000000101734      0x172 binaries/freemem.o
                0x0000000000101734                freemem
 .text          0x00000000001018a6       0x8a binaries/getbuf.o
                0x00000000001018a6                getbuf
 .text          0x0000000000101930       0x75 binaries/getc.o
                0x0000000000101930                getc
 .text          0x00000000001019a5       0x74 binaries/getdev.o
                0x00000000001019a5                getdev
 .text          0x0000000000101a19       0xd0 binaries/getitem.o
                0x0000000000101a19                getfirst
                0x0000000000101a5e                getlast
                0x0000000000101aa5                getitem
 .text          0x0000000000101ae9      0x10a binaries/getmem.o
                0x0000000000101ae9                getmem
 .text          0x0000000000101bf3        0xa binaries/getpid.o
                0x0000000000101bf3                getpid
 .text          0x0000000000101bfd       0x7f binaries/getprio.o
                0x0000000000101bfd                getprio
 .text          0x0000000000101c7c       0xfb binaries/getstk.o
                0x0000000000101c7c                getstk
 .text          0x0000000000101d77       0x16 binaries/getticks.o
                0x0000000000101d77                getticks
 .text          0x0000000000101d8d       0x3a binaries/gettime.o
                0x0000000000101d8d                gettime
 .text          0x0000000000101dc7      0x1ec binaries/getutime.o
                0x0000000000101dc7                getutime
 .text          0x0000000000101fb3      0x3c5 binaries/i386.o
                0x0000000000101fb3                setsegs
                0x00000000001020c5                init8259
                0x0000000000102177                pseg
                0x000000000010231f                setirmask
 .text          0x0000000000102378       0x75 binaries/init.o
                0x0000000000102378                init
 .text          0x00000000001023ed      0x460 binaries/initialize.o
                0x00000000001023ed                nulluser
                0x00000000001027f4                stop
                0x000000000010281f                delay
 .text          0x000000000010284d       0xdf binaries/insert.o
                0x000000000010284d                insert
 .text          0x000000000010292c      0x111 binaries/insertd.o
                0x000000000010292c                insertd
 .text          0x0000000000102a3d        0xa binaries/ioerr.o
                0x0000000000102a3d                ioerr
 .text          0x0000000000102a47        0xa binaries/ionull.o
                0x0000000000102a47                ionull
 .text          0x0000000000102a51      0x1a0 binaries/kill.o
                0x0000000000102a51                kill
 .text          0x0000000000102bf1      0x14e binaries/kprintf.o
                0x0000000000102bf1                kputc
                0x0000000000102c84                kgetc
                0x0000000000102d15                kprintf
 .text          0x0000000000102d3f      0x2d6 binaries/lock.o
                0x0000000000102d3f                initlock
                0x0000000000102d87                lock
                0x0000000000102e21                unlock
                0x0000000000102ec2                park
                0x0000000000102f28                unpark
                0x0000000000102fd6                setpark
 .text          0x0000000000103015      0x342 binaries/main.o
                0x0000000000103015                sync_printf
                0x00000000001030c5                get_timestamp
                0x00000000001030cf                run_for_ms
                0x0000000000103123                p_spinlock
                0x000000000010316e                p_lock
                0x00000000001031b9                main
 .text          0x0000000000103357       0xb5 binaries/mark.o
                0x0000000000103357                markinit
                0x000000000010337b                mark
 .text          0x000000000010340c       0xcc binaries/meminit.o
                0x000000000010340c                meminit
 .text          0x00000000001034d8      0x174 binaries/mkbufpool.o
                0x00000000001034d8                mkbufpool
 .text          0x000000000010364c       0x94 binaries/newqueue.o
                0x000000000010364c                newqueue
 .text          0x00000000001036e0       0x7b binaries/open.o
                0x00000000001036e0                open
 .text          0x000000000010375b       0x20 binaries/panic.o
                0x000000000010375b                panic
 .text          0x000000000010377b      0x489 binaries/pci.o
                0x000000000010377b                pci_init
                0x0000000000103a38                find_pci_device
                0x0000000000103a86                pci_bios_read_config_byte
                0x0000000000103ac5                pci_bios_read_config_word
                0x0000000000103b07                pci_bios_read_config_dword
                0x0000000000103b46                pci_bios_write_config_byte
                0x0000000000103b87                pci_bios_write_config_word
                0x0000000000103bc9                pci_bios_write_config_dword
 .text          0x0000000000103c04      0x859 binaries/pi_lock.o
                0x0000000000103c04                pi_initlock
                0x0000000000103c55                pi_lock
                0x0000000000103e8f                pi_unlock
                0x000000000010404c                pi_park
                0x00000000001040b2                pi_unpark
                0x0000000000104160                pi_setpark
                0x000000000010419f                change_prio
                0x0000000000104254                restoreq_locks
                0x00000000001042d6                restoreq
                0x00000000001043f1                removeq
 .text          0x000000000010445d       0xf1 binaries/ptclear.o
                0x000000000010445d                _ptclear
 .text          0x000000000010454e       0x9d binaries/ptcount.o
                0x000000000010454e                ptcount
 .text          0x00000000001045eb      0x116 binaries/ptcreate.o
                0x00000000001045eb                ptcreate
 .text          0x0000000000104701       0x7f binaries/ptdelete.o
                0x0000000000104701                ptdelete
 .text          0x0000000000104780       0xbf binaries/ptinit.o
                0x0000000000104780                ptinit
 .text          0x000000000010483f      0x11b binaries/ptrecv.o
                0x000000000010483f                ptrecv
 .text          0x000000000010495a       0x77 binaries/ptreset.o
                0x000000000010495a                ptreset
 .text          0x00000000001049d1      0x13d binaries/ptsend.o
                0x00000000001049d1                ptsend
 .text          0x0000000000104b0e       0x80 binaries/putc.o
                0x0000000000104b0e                putc
 .text          0x0000000000104b8e      0x112 binaries/queue.o
                0x0000000000104b8e                enqueue
                0x0000000000104c33                dequeue
 .text          0x0000000000104ca0       0x7b binaries/read.o
                0x0000000000104ca0                read
 .text          0x0000000000104d1b       0x82 binaries/ready.o
                0x0000000000104d1b                ready
 .text          0x0000000000104d9d       0x65 binaries/receive.o
                0x0000000000104d9d                receive
 .text          0x0000000000104e02       0x61 binaries/recvclr.o
                0x0000000000104e02                recvclr
 .text          0x0000000000104e63       0xc0 binaries/recvtime.o
                0x0000000000104e63                recvtime
 .text          0x0000000000104f23      0x17a binaries/resched.o
                0x0000000000104f23                resched
                0x0000000000105028                resched_cntl
 .text          0x000000000010509d       0xb4 binaries/resume.o
                0x000000000010509d                resume
 .text          0x0000000000105151       0x79 binaries/seek.o
                0x0000000000105151                seek
 .text          0x00000000001051ca       0x70 binaries/semcount.o
                0x00000000001051ca                semcount
 .text          0x000000000010523a       0xd6 binaries/semcreate.o
                0x000000000010523a                semcreate
 .text          0x0000000000105310       0xcd binaries/semdelete.o
                0x0000000000105310                semdelete
 .text          0x00000000001053dd       0xcb binaries/semreset.o
                0x00000000001053dd                semreset
 .text          0x00000000001054a8       0xea binaries/send.o
                0x00000000001054a8                send
 .text          0x0000000000105592       0xa8 binaries/signal.o
                0x0000000000105592                signal
 .text          0x000000000010563a       0xd6 binaries/signaln.o
                0x000000000010563a                signaln
 .text          0x0000000000105710       0xef binaries/sleep.o
                0x0000000000105710                sleep
                0x000000000010575e                sleepms
 .text          0x00000000001057ff       0x93 binaries/spinlock.o
                0x00000000001057ff                sl_initlock
                0x000000000010582e                sl_lock
                0x000000000010585e                sl_unlock
 .text          0x0000000000105892      0x195 binaries/stacktrace.o
                0x0000000000105892                stacktrace
 .text          0x0000000000105a27       0xea binaries/suspend.o
                0x0000000000105a27                suspend
 .text          0x0000000000105b11       0xec binaries/unsleep.o
                0x0000000000105b11                unsleep
 .text          0x0000000000105bfd       0x19 binaries/userret.o
                0x0000000000105bfd                userret
 .text          0x0000000000105c16       0xe0 binaries/wait.o
                0x0000000000105c16                wait
 .text          0x0000000000105cf6       0x72 binaries/wakeup.o
                0x0000000000105cf6                wakeup
 .text          0x0000000000105d68       0x7b binaries/write.o
                0x0000000000105d68                write
 .text          0x0000000000105de3       0x1d binaries/xdone.o
                0x0000000000105de3                xdone
 .text          0x0000000000105e00       0x28 binaries/yield.o
                0x0000000000105e00                yield
 .text          0x0000000000105e28       0x11 binaries/abs.o
                0x0000000000105e28                abs
 .text          0x0000000000105e39       0x8f binaries/atoi.o
                0x0000000000105e39                atoi
 .text          0x0000000000105ec8       0x8f binaries/atol.o
                0x0000000000105ec8                atol
 .text          0x0000000000105f57       0x31 binaries/bzero.o
                0x0000000000105f57                bzero
 .text          0x0000000000105f88        0x0 binaries/ctype_.o
 .text          0x0000000000105f88      0x8ed binaries/doprnt.o
                0x0000000000105f88                _doprnt
 .text          0x0000000000106875      0x65c binaries/doscan.o
                0x0000000000106875                _doscan
 .text          0x0000000000106ed1      0x711 binaries/fdoprnt.o
                0x0000000000106ed1                _fdoprnt
 .text          0x00000000001075e2       0x29 binaries/fgetc.o
                0x00000000001075e2                fgetc
 .text          0x000000000010760b       0x75 binaries/fgets.o
                0x000000000010760b                fgets
 .text          0x0000000000107680       0x2a binaries/fprintf.o
                0x0000000000107680                fprintf
 .text          0x00000000001076aa       0x2c binaries/fputc.o
                0x00000000001076aa                fputc
 .text          0x00000000001076d6       0x43 binaries/fputs.o
                0x00000000001076d6                fputs
 .text          0x0000000000107719       0x8a binaries/fscanf.o
                0x0000000000107719                fscanf
 .text          0x00000000001077a3       0x36 binaries/getchar.o
                0x00000000001077a3                getchar
 .text          0x00000000001077d9       0x11 binaries/labs.o
                0x00000000001077d9                labs
 .text          0x00000000001077ea        0x0 binaries/memchr.o
 .text          0x00000000001077ea       0x51 binaries/memcmp.o
                0x00000000001077ea                memcmp
 .text          0x000000000010783b       0x3f binaries/memcpy.o
                0x000000000010783b                memcpy
 .text          0x000000000010787a       0x30 binaries/memset.o
                0x000000000010787a                memset
 .text          0x00000000001078aa       0x4c binaries/printf.o
                0x00000000001078aa                printf
 .text          0x00000000001078f6       0x39 binaries/putchar.o
                0x00000000001078f6                putchar
 .text          0x000000000010792f      0x27e binaries/qsort.o
                0x000000000010792f                qsort
 .text          0x0000000000107bad       0x63 binaries/rand.o
                0x0000000000107bad                rand
                0x0000000000107bc5                rand_r
                0x0000000000107c03                srand
 .text          0x0000000000107c10       0x66 binaries/sprintf.o
                0x0000000000107c10                sprintf
 .text          0x0000000000107c76       0x70 binaries/sscanf.o
                0x0000000000107c76                sscanf
 .text          0x0000000000107ce6       0x3c binaries/strchr.o
                0x0000000000107ce6                strchr
 .text          0x0000000000107d22       0x45 binaries/strcmp.o
                0x0000000000107d22                strcmp
 .text          0x0000000000107d67       0x27 binaries/strcpy.o
                0x0000000000107d67                strcpy
 .text          0x0000000000107d8e       0x26 binaries/strlen.o
                0x0000000000107d8e                strlen
 .text          0x0000000000107db4       0x56 binaries/strncat.o
                0x0000000000107db4                strncat
 .text          0x0000000000107e0a       0x5f binaries/strncmp.o
                0x0000000000107e0a                strncmp
 .text          0x0000000000107e69       0x4f binaries/strncpy.o
                0x0000000000107e69                strncpy
 .text          0x0000000000107eb8       0x2e binaries/strnlen.o
                0x0000000000107eb8                strnlen
 .text          0x0000000000107ee6       0x45 binaries/strrchr.o
                0x0000000000107ee6                strrchr
 .text          0x0000000000107f2b       0x6d binaries/strstr.o
                0x0000000000107f2b                strstr
 .text          0x0000000000107f98       0xe4 binaries/ttycontrol.o
                0x0000000000107f98                ttycontrol
 .text          0x000000000010807c       0x97 binaries/ttygetc.o
                0x000000000010807c                ttygetc
 .text          0x0000000000108113      0x6ee binaries/ttyhandle_in.o
                0x0000000000108113                ttyhandle_in
 .text          0x0000000000108801      0x1ae binaries/ttyhandle_out.o
                0x0000000000108801                ttyhandle_out
 .text          0x00000000001089af       0xce binaries/ttyhandler.o
                0x00000000001089af                ttyhandler
 .text          0x0000000000108a7d      0x22f binaries/ttyinit.o
                0x0000000000108a7d                ttyinit
 .text          0x0000000000108cac       0x1b binaries/ttykickout.o
                0x0000000000108cac                ttykickout
 .text          0x0000000000108cc7       0xb7 binaries/ttyputc.o
                0x0000000000108cc7                ttyputc
 .text          0x0000000000108d7e      0x11b binaries/ttyread.o
                0x0000000000108d7e                ttyread
 .text          0x0000000000108e99       0x4f binaries/ttywrite.o
                0x0000000000108e99                ttywrite
 .text          0x0000000000108ee8      0x14b binaries/mount.o
                0x0000000000108ee8                mount
                0x0000000000108ffd                namlen
 .text          0x0000000000109033      0x1ea binaries/naminit.o
                0x0000000000109033                naminit
 .text          0x000000000010921d      0x211 binaries/nammap.o
                0x000000000010921d                nammap
                0x00000000001092a8                namrepl
                0x00000000001093de                namcpy
 .text          0x000000000010942e       0x4e binaries/namopen.o
                0x000000000010942e                namopen
 .text          0x000000000010947c      0xec3 binaries/82545EMInit.o
                0x00000000001094da                _82545EMInit
                0x000000000010a1ab                _82545EM_read_phy_reg
                0x000000000010a271                _82545EM_write_phy_reg
 .text          0x000000000010a33f      0x241 binaries/ethcontrol.o
                0x000000000010a39d                ethcontrol
                0x000000000010a513                ethIrqDisable
                0x000000000010a548                ethIrqEnable
 .text          0x000000000010a580      0x252 binaries/ethhandler.o
                0x000000000010a6f0                ethhandler
 .text          0x000000000010a7d2      0x126 binaries/ethinit.o
                0x000000000010a7d2                ethinit
 .text          0x000000000010a8f8      0x1f4 binaries/ethread.o
                0x000000000010a956                ethread
 .text          0x000000000010aaec      0x19f binaries/ethwrite.o
                0x000000000010ab4a                ethwrite
 .text          0x000000000010ac8b       0x9e binaries/rdsbufalloc.o
                0x000000000010ac8b                rdsbufalloc
 .text          0x000000000010ad29       0xcc binaries/rdsclose.o
                0x000000000010ad29                rdsclose
 .text          0x000000000010adf5      0x2e8 binaries/rdscomm.o
                0x000000000010adf5                rdscomm
 .text          0x000000000010b0dd      0x233 binaries/rdscontrol.o
                0x000000000010b0dd                rdscontrol
 .text          0x000000000010b310      0x1f3 binaries/rdsinit.o
                0x000000000010b310                rdsinit
 .text          0x000000000010b503      0x19b binaries/rdsopen.o
                0x000000000010b503                rdsopen
 .text          0x000000000010b69e      0x461 binaries/rdsprocess.o
                0x000000000010b69e                rdsprocess
 .text          0x000000000010baff      0x259 binaries/rdsread.o
                0x000000000010baff                rdsread
 .text          0x000000000010bd58      0x1fe binaries/rdswrite.o
                0x000000000010bd58                rdswrite
 .text          0x000000000010bf56        0xa binaries/ramclose.o
                0x000000000010bf56                ramclose
 .text          0x000000000010bf60       0x3e binaries/raminit.o
                0x000000000010bf60                raminit
 .text          0x000000000010bf9e        0xa binaries/ramopen.o
                0x000000000010bf9e                ramopen
 .text          0x000000000010bfa8       0x32 binaries/ramread.o
                0x000000000010bfa8                ramread
 .text          0x000000000010bfda       0x32 binaries/ramwrite.o
                0x000000000010bfda                ramwrite
 .text          0x000000000010c00c       0x98 binaries/lfdballoc.o
                0x000000000010c00c                lfdballoc
 .text          0x000000000010c0a4       0x58 binaries/lfdbfree.o
                0x000000000010c0a4                lfdbfree
 .text          0x000000000010c0fc       0xb6 binaries/lfflush.o
                0x000000000010c0fc                lfflush
 .text          0x000000000010c1b2       0xd8 binaries/lfgetmode.o
                0x000000000010c1b2                lfgetmode
 .text          0x000000000010c28a       0x68 binaries/lfiballoc.o
                0x000000000010c28a                lfiballoc
 .text          0x000000000010c2f2       0x3b binaries/lfibclear.o
                0x000000000010c2f2                lfibclear
 .text          0x000000000010c32d       0xad binaries/lfibget.o
                0x000000000010c32d                lfibget
 .text          0x000000000010c3da       0xdc binaries/lfibput.o
                0x000000000010c3da                lfibput
 .text          0x000000000010c4b6       0xa2 binaries/lflclose.o
                0x000000000010c4b6                lflclose
 .text          0x000000000010c558       0xd0 binaries/lflcontrol.o
                0x000000000010c558                lflcontrol
 .text          0x000000000010c628       0xf2 binaries/lflgetc.o
                0x000000000010c628                lflgetc
 .text          0x000000000010c71a       0xf1 binaries/lflinit.o
                0x000000000010c71a                lflinit
 .text          0x000000000010c80b      0x122 binaries/lflputc.o
                0x000000000010c80b                lflputc
 .text          0x000000000010c92d       0x70 binaries/lflread.o
                0x000000000010c92d                lflread
 .text          0x000000000010c99d       0xac binaries/lflseek.o
                0x000000000010c99d                lflseek
 .text          0x000000000010ca49       0x55 binaries/lflwrite.o
                0x000000000010ca49                lflwrite
 .text          0x000000000010ca9e       0x62 binaries/lfscheck.o
                0x000000000010ca9e                lfscheck
 .text          0x000000000010cb00      0x175 binaries/lfsckfmt.o
                0x000000000010cb00                lfsckfmt
 .text          0x000000000010cc75      0x1ad binaries/lfscreate.o
                0x000000000010cc75                lfscreate
 .text          0x000000000010ce22      0x278 binaries/lfsetup.o
                0x000000000010ce22                lfsetup
 .text          0x000000000010d09a       0x51 binaries/lfsinit.o
                0x000000000010d09a                lfsinit
 .text          0x000000000010d0eb      0x3c0 binaries/lfsopen.o
                0x000000000010d0eb                lfsopen
 .text          0x000000000010d4ab      0x15e binaries/lftruncate.o
                0x000000000010d4ab                lftruncate
 .text          0x000000000010d609       0x71 binaries/rflclose.o
                0x000000000010d609                rflclose
 .text          0x000000000010d67a       0x32 binaries/rflgetc.o
                0x000000000010d67a                rflgetc
 .text          0x000000000010d6ac       0x76 binaries/rflinit.o
                0x000000000010d6ac                rflinit
 .text          0x000000000010d722       0x33 binaries/rflputc.o
                0x000000000010d722                rflputc
 .text          0x000000000010d755      0x360 binaries/rflread.o
                0x000000000010d755                rflread
 .text          0x000000000010dab5       0x74 binaries/rflseek.o
                0x000000000010dab5                rflseek
 .text          0x000000000010db29      0x34d binaries/rflwrite.o
                0x000000000010db29                rflwrite
 .text          0x000000000010de76      0x1e2 binaries/rfscomm.o
                0x000000000010de76                rfscomm
 .text          0x000000000010e058      0x26d binaries/rfscontrol.o
                0x000000000010e058                rfscontrol
 .text          0x000000000010e2c5       0xd8 binaries/rfsgetmode.o
                0x000000000010e2c5                rfsgetmode
 .text          0x000000000010e39d       0x86 binaries/rfsinit.o
                0x000000000010e39d                rfsinit
 .text          0x000000000010e423      0x111 binaries/rfsndmsg.o
                0x000000000010e423                rfsndmsg
 .text          0x000000000010e534      0x2aa binaries/rfsopen.o
                0x000000000010e534                rfsopen
 .text          0x000000000010e7de      0x836 binaries/arp.o
                0x000000000010e7de                arp_init
                0x000000000010e810                arp_resolve
                0x000000000010eac4                arp_in
                0x000000000010ed7c                arp_alloc
                0x000000000010ee3c                arp_ntoh
                0x000000000010ef28                arp_hton
 .text          0x000000000010f014      0x8e3 binaries/dhcp.o
                0x000000000010f014                dhcp_get_opt_val
                0x000000000010f06d                dhcp_bld_bootp_msg
                0x000000000010f17a                dhcp_bld_disc
                0x000000000010f263                dhcp_bld_req
                0x000000000010f3d5                getlocalip
 .text          0x000000000010f8f7      0x59f binaries/dns.o
                0x000000000010f8f7                dnslookup
 .text          0x000000000010fe96       0xe8 binaries/dot2ip.o
                0x000000000010fe96                dot2ip
 .text          0x000000000010ff7e      0x4c4 binaries/hexdump.o
                0x000000000010ff7e                hexdump
                0x0000000000110125                hexadump
 .text          0x0000000000110442      0x8af binaries/icmp.o
                0x0000000000110442                icmp_init
                0x0000000000110479                icmp_in
                0x000000000011064f                icmp_register
                0x000000000011074a                icmp_recv
                0x00000000001108d6                icmp_send
                0x000000000011095e                icmp_mkpkt
                0x0000000000110a78                icmp_release
                0x0000000000110b76                icmp_cksum
                0x0000000000110c09                icmp_hton
                0x0000000000110c7d                icmp_ntoh
 .text          0x0000000000110cf1      0x8a5 binaries/ip.o
                0x0000000000110cf1                ip_in
                0x0000000000110e75                ip_send
                0x0000000000110fd0                ip_local
                0x000000000011101c                ip_out
                0x0000000000111155                ipcksum
                0x00000000001111db                ip_ntoh
                0x00000000001112c7                ip_hton
                0x00000000001113b3                ipout
                0x00000000001114e2                ip_enqueue
 .text          0x0000000000111596      0x2cd binaries/net.o
                0x0000000000111596                net_init
                0x00000000001116be                netin
                0x000000000011177b                eth_hton
                0x00000000001117a5                eth_ntoh
                0x00000000001117cf                getport
 .text          0x0000000000111863     0x147f binaries/pdump.o
                0x0000000000111863                pdump
                0x0000000000112620                pdumph
 .text          0x0000000000112ce2      0x613 binaries/tftp.o
                0x0000000000112ce2                tftp_send1
                0x0000000000112e5a                tftpget
                0x0000000000112e8c                tftpget_mb
 .text          0x00000000001132f5      0xb82 binaries/udp.o
                0x00000000001132f5                udp_init
                0x000000000011332a                udp_in
                0x000000000011346c                udp_register
                0x00000000001135a9                udp_recv
                0x0000000000113745                udp_recvaddr
                0x00000000001138f9                udp_send
                0x0000000000113ae1                udp_sendto
                0x0000000000113c92                udp_release
                0x0000000000113d8d                udp_ntoh
                0x0000000000113e02                udp_hton
 .text          0x0000000000113e77      0x13d binaries/addargs.o
                0x0000000000113e77                addargs
 .text          0x0000000000113fb4      0x2c9 binaries/lexan.o
                0x0000000000113fb4                lexan
 .text          0x000000000011427d      0x66d binaries/shell.o
                0x000000000011427d                shell
 .text          0x00000000001148ea       0x69 binaries/xsh_argecho.o
                0x00000000001148ea                xsh_argecho
 .text          0x0000000000114953      0x275 binaries/xsh_arp.o
                0x0000000000114953                xsh_arp
 .text          0x0000000000114bc8      0x290 binaries/xsh_cat.o
                0x0000000000114bc8                xsh_cat
 .text          0x0000000000114e58       0x63 binaries/xsh_clear.o
                0x0000000000114e58                xsh_clear
 .text          0x0000000000114ebb      0x313 binaries/xsh_date.o
                0x0000000000114ebb                xsh_date
 .text          0x00000000001151ce       0xb3 binaries/xsh_devdump.o
                0x00000000001151ce                xsh_devdump
 .text          0x0000000000115281       0x72 binaries/xsh_echo.o
                0x0000000000115281                xsh_echo
 .text          0x00000000001152f3        0xa binaries/xsh_exit.o
                0x00000000001152f3                xsh_exit
 .text          0x00000000001152fd      0x393 binaries/xsh_help.o
                0x00000000001152fd                xsh_help
 .text          0x0000000000115690      0x262 binaries/xsh_kill.o
                0x0000000000115690                xsh_kill
 .text          0x00000000001158f2      0x563 binaries/xsh_memdump.o
                0x00000000001158f2                xsh_memdump
 .text          0x0000000000115e55      0x2bb binaries/xsh_memstat.o
                0x0000000000115e55                xsh_memstat
 .text          0x0000000000116110      0x521 binaries/xsh_netinfo.o
                0x0000000000116110                xsh_netinfo
 .text          0x0000000000116631      0x4bc binaries/xsh_ping.o
                0x0000000000116631                xsh_ping
 .text          0x0000000000116aed      0x233 binaries/xsh_ps.o
                0x0000000000116aed                xsh_ps
 .text          0x0000000000116d20      0x23e binaries/xsh_sleep.o
                0x0000000000116d20                xsh_sleep
 .text          0x0000000000116f5e      0x284 binaries/xsh_udpdump.o
                0x0000000000116f5e                xsh_udpdump
 .text          0x00000000001171e2      0x4f4 binaries/xsh_udpecho.o
                0x00000000001171e2                xsh_udpecho
 .text          0x00000000001176d6      0x2ce binaries/xsh_udpserver.o
                0x00000000001176d6                xsh_udpeserver
 .text          0x00000000001179a4      0x1fd binaries/xsh_uptime.o
                0x00000000001179a4                xsh_uptime
 .text          0x0000000000117ba1        0xe binaries/clkdisp.o
                0x0000000000117ba1                clkdisp
 .text          0x0000000000117baf       0x19 binaries/ctxsw.o
                0x0000000000117baf                ctxsw
 .text          0x0000000000117bc8      0x36b binaries/intr.o
                0x0000000000117bc8                disable
                0x0000000000117bd1                restore
                0x0000000000117bdf                enable
                0x0000000000117be1                pause
                0x0000000000117be8                halt
                0x0000000000117bee                spurious_irq7
                0x0000000000117bf3                spurious_irq15
                0x0000000000117c02                _Xint0
                0x0000000000117c0d                _Xint1
                0x0000000000117c18                _Xint2
                0x0000000000117c23                _Xint3
                0x0000000000117c2e                _Xint4
                0x0000000000117c39                _Xint5
                0x0000000000117c44                _Xint6
                0x0000000000117c4f                _Xint7
                0x0000000000117c5a                _Xint8
                0x0000000000117c65                _Xint9
                0x0000000000117c70                _Xint10
                0x0000000000117c7b                _Xint11
                0x0000000000117c89                _Xint12
                0x0000000000117c97                _Xint13
                0x0000000000117ca5                _Xint14
                0x0000000000117cb3                _Xint15
                0x0000000000117cc1                _Xint16
                0x0000000000117ccf                _Xint17
                0x0000000000117cdd                _Xint18
                0x0000000000117ceb                _Xint19
                0x0000000000117cf9                _Xint20
                0x0000000000117d07                _Xint21
                0x0000000000117d15                _Xint22
                0x0000000000117d23                _Xint23
                0x0000000000117d31                _Xint24
                0x0000000000117d3f                _Xint25
                0x0000000000117d4d                _Xint26
                0x0000000000117d5b                _Xint27
                0x0000000000117d69                _Xint28
                0x0000000000117d77                _Xint29
                0x0000000000117d85                _Xint30
                0x0000000000117d93                _Xint31
                0x0000000000117da1                _Xint32
                0x0000000000117daf                _Xint33
                0x0000000000117dbd                _Xint34
                0x0000000000117dcb                _Xint35
                0x0000000000117dd9                _Xint36
                0x0000000000117de7                _Xint37
                0x0000000000117df5                _Xint38
                0x0000000000117e03                _Xint39
                0x0000000000117e11                _Xint40
                0x0000000000117e1f                _Xint41
                0x0000000000117e2d                _Xint42
                0x0000000000117e3b                _Xint43
                0x0000000000117e49                _Xint44
                0x0000000000117e57                _Xint45
                0x0000000000117e65                _Xint46
                0x0000000000117e73                defevec
 .text          0x0000000000117f33        0xf binaries/test_and_set.o
                0x0000000000117f33                test_and_set
 .text          0x0000000000117f42        0xf binaries/ttydispatch.o
                0x0000000000117f42                ttydispatch
 .text          0x0000000000117f51       0x13 binaries/ethdispatch.o
                0x0000000000117f51                ethdispatch
 *(.rodata .rodata.*)
 .rodata        0x0000000000117f64       0x2c binaries/active_lock.o
 .rodata        0x0000000000117f90       0x8e binaries/ascdate.o
 .rodata        0x000000000011801e       0xae binaries/conf.o
 .rodata        0x00000000001180cc      0x22f binaries/evec.o
 *fill*         0x00000000001182fb        0x1 
 .rodata        0x00000000001182fc       0x61 binaries/getutime.o
 *fill*         0x000000000011835d        0x3 
 .rodata        0x0000000000118360       0x90 binaries/i386.o
 .rodata        0x00000000001183f0      0x180 binaries/initialize.o
 .rodata        0x0000000000118570       0x20 binaries/kill.o
 .rodata        0x0000000000118590       0x9e binaries/main.o
 .rodata        0x000000000011862e        0xf binaries/panic.o
 *fill*         0x000000000011863d        0x3 
 .rodata        0x0000000000118640      0x1ec binaries/pci.o
 .rodata        0x000000000011882c       0x1c binaries/pi_lock.o
 .rodata        0x0000000000118848       0x1d binaries/ptinit.o
 *fill*         0x0000000000118865        0x3 
 .rodata        0x0000000000118868       0x25 binaries/ptsend.o
 *fill*         0x000000000011888d        0x3 
 .rodata        0x0000000000118890       0xb7 binaries/stacktrace.o
 *fill*         0x0000000000118947        0x1 
 .rodata        0x0000000000118948       0x27 binaries/xdone.o
 *fill*         0x000000000011896f       0x11 
 .rodata        0x0000000000118980       0x81 binaries/ctype_.o
                0x0000000000118980                _ctype_
 *fill*         0x0000000000118a01        0x3 
 .rodata        0x0000000000118a04       0xee binaries/doprnt.o
 *fill*         0x0000000000118af2        0x2 
 .rodata        0x0000000000118af4       0x98 binaries/doscan.o
 .rodata        0x0000000000118b8c       0xae binaries/fdoprnt.o
 *fill*         0x0000000000118c3a        0x2 
 .rodata        0x0000000000118c3c       0x20 binaries/ttycontrol.o
 .rodata        0x0000000000118c5c       0x34 binaries/ttyhandler.o
 .rodata        0x0000000000118c90       0x80 binaries/naminit.o
 .rodata        0x0000000000118d10       0x2e binaries/82545EMInit.o
 *fill*         0x0000000000118d3e        0x2 
 .rodata        0x0000000000118d40       0x78 binaries/ethinit.o
 .rodata        0x0000000000118db8       0x18 binaries/ethread.o
 .rodata        0x0000000000118dd0       0x2c binaries/rdsbufalloc.o
 .rodata        0x0000000000118dfc       0x76 binaries/rdscomm.o
 *fill*         0x0000000000118e72        0x2 
 .rodata        0x0000000000118e74       0x48 binaries/rdscontrol.o
 .rodata        0x0000000000118ebc       0x96 binaries/rdsinit.o
 *fill*         0x0000000000118f52        0x2 
 .rodata        0x0000000000118f54       0x22 binaries/rdsopen.o
 *fill*         0x0000000000118f76        0x2 
 .rodata        0x0000000000118f78       0x4d binaries/rdsprocess.o
 .rodata        0x0000000000118fc5        0x9 binaries/raminit.o
 *fill*         0x0000000000118fce        0x2 
 .rodata        0x0000000000118fd0       0x37 binaries/lfdballoc.o
 .rodata        0x0000000000119007       0x14 binaries/lfiballoc.o
 *fill*         0x000000000011901b        0x1 
 .rodata        0x000000000011901c       0x23 binaries/lflcontrol.o
 *fill*         0x000000000011903f        0x1 
 .rodata        0x0000000000119040      0x11b binaries/lfsckfmt.o
 *fill*         0x000000000011915b        0x1 
 .rodata        0x000000000011915c       0x2a binaries/lfsopen.o
 *fill*         0x0000000000119186        0x2 
 .rodata        0x0000000000119188       0x21 binaries/rflread.o
 *fill*         0x00000000001191a9        0x3 
 .rodata        0x00000000001191ac       0x21 binaries/rflwrite.o
 *fill*         0x00000000001191cd        0x3 
 .rodata        0x00000000001191d0       0x75 binaries/rfscomm.o
 *fill*         0x0000000000119245        0x3 
 .rodata        0x0000000000119248       0x3c binaries/rfscontrol.o
 .rodata        0x0000000000119284       0x63 binaries/rfsinit.o
 *fill*         0x00000000001192e7        0x1 
 .rodata        0x00000000001192e8       0x2a binaries/rfsndmsg.o
 *fill*         0x0000000000119312        0x2 
 .rodata        0x0000000000119314       0x22 binaries/rfsopen.o
 *fill*         0x0000000000119336        0x2 
 .rodata        0x0000000000119338       0x3a binaries/arp.o
 *fill*         0x0000000000119372        0x2 
 .rodata        0x0000000000119374       0xcf binaries/dhcp.o
 .rodata        0x0000000000119443       0x1a binaries/dns.o
 *fill*         0x000000000011945d        0x3 
 .rodata        0x0000000000119460       0xc9 binaries/hexdump.o
 *fill*         0x0000000000119529        0x3 
 .rodata        0x000000000011952c       0x29 binaries/icmp.o
 *fill*         0x0000000000119555        0x3 
 .rodata        0x0000000000119558       0x6e binaries/ip.o
 *fill*         0x00000000001195c6        0x2 
 .rodata        0x00000000001195c8       0x4f binaries/net.o
 *fill*         0x0000000000119617        0x1 
 .rodata        0x0000000000119618      0x26f binaries/pdump.o
 *fill*         0x0000000000119887        0x1 
 .rodata        0x0000000000119888      0x154 binaries/tftp.o
 *fill*         0x00000000001199dc        0x4 
 .rodata        0x00000000001199e0      0x3c1 binaries/shell.o
                0x0000000000119a60                cmdtab
 .rodata        0x0000000000119da1       0x28 binaries/xsh_argecho.o
 *fill*         0x0000000000119dc9        0x3 
 .rodata        0x0000000000119dcc      0x123 binaries/xsh_arp.o
 *fill*         0x0000000000119eef        0x1 
 .rodata        0x0000000000119ef0       0xc9 binaries/xsh_cat.o
 .rodata        0x0000000000119fb9       0x19 binaries/xsh_clear.o
 *fill*         0x0000000000119fd2        0x2 
 .rodata        0x0000000000119fd4      0x1c3 binaries/xsh_date.o
 .rodata        0x000000000011a197       0x5d binaries/xsh_devdump.o
 .rodata        0x000000000011a1f4        0x9 binaries/xsh_echo.o
 *fill*         0x000000000011a1fd        0x3 
 .rodata        0x000000000011a200      0x169 binaries/xsh_help.o
 *fill*         0x000000000011a369        0x3 
 .rodata        0x000000000011a36c      0x12e binaries/xsh_kill.o
 *fill*         0x000000000011a49a        0x2 
 .rodata        0x000000000011a49c      0x266 binaries/xsh_memdump.o
 *fill*         0x000000000011a702        0x2 
 .rodata        0x000000000011a704      0x225 binaries/xsh_memstat.o
 *fill*         0x000000000011a929        0x3 
 .rodata        0x000000000011a92c      0x1b0 binaries/xsh_netinfo.o
 .rodata        0x000000000011aadc      0x1a1 binaries/xsh_ping.o
 *fill*         0x000000000011ac7d        0x3 
 .rodata        0x000000000011ac80      0x1e0 binaries/xsh_ps.o
 .rodata        0x000000000011ae60       0xeb binaries/xsh_sleep.o
 *fill*         0x000000000011af4b        0x1 
 .rodata        0x000000000011af4c      0x1b8 binaries/xsh_udpdump.o
 .rodata        0x000000000011b104      0x215 binaries/xsh_udpecho.o
 *fill*         0x000000000011b319        0x3 
 .rodata        0x000000000011b31c      0x12b binaries/xsh_udpserver.o
 *fill*         0x000000000011b447        0x1 
 .rodata        0x000000000011b448      0x105 binaries/xsh_uptime.o
                0x000000000011b54d                etext = ABSOLUTE (.)
                0x000000000011c000                . = ALIGN (0x1000)
 *fill*         0x000000000011b54d      0xab3 

.eh_frame       0x000000000011c000     0x3060
 .eh_frame      0x000000000011c000      0x138 binaries/active_lock.o
 .eh_frame      0x000000000011c138       0x20 binaries/ascdate.o
                                         0x38 (size before relaxing)
 .eh_frame      0x000000000011c158       0x20 binaries/bufinit.o
                                         0x38 (size before relaxing)
 .eh_frame      0x000000000011c178       0x20 binaries/chprio.o
                                         0x38 (size before relaxing)
 .eh_frame      0x000000000011c198       0x20 binaries/clkhandler.o
                                         0x38 (size before relaxing)
 .eh_frame      0x000000000011c1b8       0x20 binaries/clkinit.o
                                         0x38 (size before relaxing)
 .eh_frame      0x000000000011c1d8       0x20 binaries/close.o
                                         0x38 (size before relaxing)
 .eh_frame      0x000000000011c1f8       0x20 binaries/control.o
                                         0x38 (size before relaxing)
 .eh_frame      0x000000000011c218       0x40 binaries/create.o
                                         0x58 (size before relaxing)
 .eh_frame      0x000000000011c258       0x60 binaries/evec.o
                                         0x78 (size before relaxing)
 .eh_frame      0x000000000011c2b8       0x20 binaries/exit.o
                                         0x38 (size before relaxing)
 .eh_frame      0x000000000011c2d8       0x20 binaries/freebuf.o
                                         0x38 (size before relaxing)
 .eh_frame      0x000000000011c2f8       0x20 binaries/freemem.o
                                         0x38 (size before relaxing)
 .eh_frame      0x000000000011c318       0x20 binaries/getbuf.o
                                         0x38 (size before relaxing)
 .eh_frame      0x000000000011c338       0x20 binaries/getc.o
                                         0x38 (size before relaxing)
 .eh_frame      0x000000000011c358       0x20 binaries/getdev.o
                                         0x38 (size before relaxing)
 .eh_frame      0x000000000011c378       0x60 binaries/getitem.o
                                         0x78 (size before relaxing)
 .eh_frame      0x000000000011c3d8       0x20 binaries/getmem.o
                                         0x38 (size before relaxing)
 .eh_frame      0x000000000011c3f8       0x20 binaries/getpid.o
                                         0x38 (size before relaxing)
 .eh_frame      0x000000000011c418       0x20 binaries/getprio.o
                                         0x38 (size before relaxing)
 .eh_frame      0x000000000011c438       0x20 binaries/getstk.o
                                         0x38 (size before relaxing)
 .eh_frame      0x000000000011c458       0x20 binaries/getticks.o
                                         0x38 (size before relaxing)
 .eh_frame      0x000000000011c478       0x20 binaries/gettime.o
                                         0x38 (size before relaxing)
 .eh_frame      0x000000000011c498       0x20 binaries/getutime.o
                                         0x38 (size before relaxing)
 .eh_frame      0x000000000011c4b8       0x8c binaries/i386.o
                                         0xa4 (size before relaxing)
 .eh_frame      0x000000000011c544       0x20 binaries/init.o
                                         0x38 (size before relaxing)
 .eh_frame      0x000000000011c564       0xa0 binaries/initialize.o
                                         0xb8 (size before relaxing)
 .eh_frame      0x000000000011c604       0x20 binaries/insert.o
                                         0x38 (size before relaxing)
 .eh_frame      0x000000000011c624       0x20 binaries/insertd.o
                                         0x38 (size before relaxing)
 .eh_frame      0x000000000011c644       0x20 binaries/ioerr.o
                                         0x38 (size before relaxing)
 .eh_frame      0x000000000011c664       0x20 binaries/ionull.o
                                         0x38 (size before relaxing)
 .eh_frame      0x000000000011c684       0x20 binaries/kill.o
                                         0x38 (size before relaxing)
 .eh_frame      0x000000000011c6a4       0x60 binaries/kprintf.o
                                         0x78 (size before relaxing)
 .eh_frame      0x000000000011c704       0xc0 binaries/lock.o
                                         0xd8 (size before relaxing)
 .eh_frame      0x000000000011c7c4       0xdc binaries/main.o
                                         0xf4 (size before relaxing)
 .eh_frame      0x000000000011c8a0       0x40 binaries/mark.o
                                         0x58 (size before relaxing)
 .eh_frame      0x000000000011c8e0       0x20 binaries/meminit.o
                                         0x38 (size before relaxing)
 .eh_frame      0x000000000011c900       0x20 binaries/mkbufpool.o
                                         0x38 (size before relaxing)
 .eh_frame      0x000000000011c920       0x20 binaries/newqueue.o
                                         0x38 (size before relaxing)
 .eh_frame      0x000000000011c940       0x20 binaries/open.o
                                         0x38 (size before relaxing)
 .eh_frame      0x000000000011c960       0x1c binaries/panic.o
                                         0x34 (size before relaxing)
 .eh_frame      0x000000000011c97c      0x1c8 binaries/pci.o
                                        0x1e0 (size before relaxing)
 .eh_frame      0x000000000011cb44      0x140 binaries/pi_lock.o
                                        0x158 (size before relaxing)
 .eh_frame      0x000000000011cc84       0x20 binaries/ptclear.o
                                         0x38 (size before relaxing)
 .eh_frame      0x000000000011cca4       0x20 binaries/ptcount.o
                                         0x38 (size before relaxing)
 .eh_frame      0x000000000011ccc4       0x20 binaries/ptcreate.o
                                         0x38 (size before relaxing)
 .eh_frame      0x000000000011cce4       0x20 binaries/ptdelete.o
                                         0x38 (size before relaxing)
 .eh_frame      0x000000000011cd04       0x20 binaries/ptinit.o
                                         0x38 (size before relaxing)
 .eh_frame      0x000000000011cd24       0x20 binaries/ptrecv.o
                                         0x38 (size before relaxing)
 .eh_frame      0x000000000011cd44       0x20 binaries/ptreset.o
                                         0x38 (size before relaxing)
 .eh_frame      0x000000000011cd64       0x20 binaries/ptsend.o
                                         0x38 (size before relaxing)
 .eh_frame      0x000000000011cd84       0x20 binaries/putc.o
                                         0x38 (size before relaxing)
 .eh_frame      0x000000000011cda4       0x40 binaries/queue.o
                                         0x58 (size before relaxing)
 .eh_frame      0x000000000011cde4       0x20 binaries/read.o
                                         0x38 (size before relaxing)
 .eh_frame      0x000000000011ce04       0x24 binaries/ready.o
                                         0x3c (size before relaxing)
 .eh_frame      0x000000000011ce28       0x20 binaries/receive.o
                                         0x38 (size before relaxing)
 .eh_frame      0x000000000011ce48       0x20 binaries/recvclr.o
                                         0x38 (size before relaxing)
 .eh_frame      0x000000000011ce68       0x20 binaries/recvtime.o
                                         0x38 (size before relaxing)
 .eh_frame      0x000000000011ce88       0x40 binaries/resched.o
                                         0x58 (size before relaxing)
 .eh_frame      0x000000000011cec8       0x20 binaries/resume.o
                                         0x38 (size before relaxing)
 .eh_frame      0x000000000011cee8       0x20 binaries/seek.o
                                         0x38 (size before relaxing)
 .eh_frame      0x000000000011cf08       0x20 binaries/semcount.o
                                         0x38 (size before relaxing)
 .eh_frame      0x000000000011cf28       0x40 binaries/semcreate.o
                                         0x58 (size before relaxing)
 .eh_frame      0x000000000011cf68       0x20 binaries/semdelete.o
                                         0x38 (size before relaxing)
 .eh_frame      0x000000000011cf88       0x20 binaries/semreset.o
                                         0x38 (size before relaxing)
 .eh_frame      0x000000000011cfa8       0x20 binaries/send.o
                                         0x38 (size before relaxing)
 .eh_frame      0x000000000011cfc8       0x20 binaries/signal.o
                                         0x38 (size before relaxing)
 .eh_frame      0x000000000011cfe8       0x20 binaries/signaln.o
                                         0x38 (size before relaxing)
 .eh_frame      0x000000000011d008       0x40 binaries/sleep.o
                                         0x58 (size before relaxing)
 .eh_frame      0x000000000011d048       0x60 binaries/spinlock.o
                                         0x78 (size before relaxing)
 .eh_frame      0x000000000011d0a8       0x20 binaries/stacktrace.o
                                         0x38 (size before relaxing)
 .eh_frame      0x000000000011d0c8       0x20 binaries/suspend.o
                                         0x38 (size before relaxing)
 .eh_frame      0x000000000011d0e8       0x20 binaries/unsleep.o
                                         0x38 (size before relaxing)
 .eh_frame      0x000000000011d108       0x20 binaries/userret.o
                                         0x38 (size before relaxing)
 .eh_frame      0x000000000011d128       0x20 binaries/wait.o
                                         0x38 (size before relaxing)
 .eh_frame      0x000000000011d148       0x20 binaries/wakeup.o
                                         0x38 (size before relaxing)
 .eh_frame      0x000000000011d168       0x20 binaries/write.o
                                         0x38 (size before relaxing)
 .eh_frame      0x000000000011d188       0x20 binaries/xdone.o
                                         0x38 (size before relaxing)
 .eh_frame      0x000000000011d1a8       0x20 binaries/yield.o
                                         0x38 (size before relaxing)
 .eh_frame      0x000000000011d1c8       0x20 binaries/abs.o
                                         0x38 (size before relaxing)
 .eh_frame      0x000000000011d1e8       0x20 binaries/atoi.o
                                         0x38 (size before relaxing)
 .eh_frame      0x000000000011d208       0x20 binaries/atol.o
                                         0x38 (size before relaxing)
 .eh_frame      0x000000000011d228       0x20 binaries/bzero.o
                                         0x38 (size before relaxing)
 .eh_frame      0x000000000011d248       0xe0 binaries/doprnt.o
                                         0xf8 (size before relaxing)
 .eh_frame      0x000000000011d328       0xb0 binaries/doscan.o
                                         0xc8 (size before relaxing)
 .eh_frame      0x000000000011d3d8       0xc0 binaries/fdoprnt.o
                                         0xd8 (size before relaxing)
 .eh_frame      0x000000000011d498       0x20 binaries/fgetc.o
                                         0x38 (size before relaxing)
 .eh_frame      0x000000000011d4b8       0x20 binaries/fgets.o
                                         0x38 (size before relaxing)
 .eh_frame      0x000000000011d4d8       0x20 binaries/fprintf.o
                                         0x38 (size before relaxing)
 .eh_frame      0x000000000011d4f8       0x20 binaries/fputc.o
                                         0x38 (size before relaxing)
 .eh_frame      0x000000000011d518       0x20 binaries/fputs.o
                                         0x38 (size before relaxing)
 .eh_frame      0x000000000011d538       0x60 binaries/fscanf.o
                                         0x78 (size before relaxing)
 .eh_frame      0x000000000011d598       0x20 binaries/getchar.o
                                         0x38 (size before relaxing)
 .eh_frame      0x000000000011d5b8       0x20 binaries/labs.o
                                         0x38 (size before relaxing)
 .eh_frame      0x000000000011d5d8       0x20 binaries/memcmp.o
                                         0x38 (size before relaxing)
 .eh_frame      0x000000000011d5f8       0x24 binaries/memcpy.o
                                         0x3c (size before relaxing)
 .eh_frame      0x000000000011d61c       0x24 binaries/memset.o
                                         0x3c (size before relaxing)
 .eh_frame      0x000000000011d640       0x20 binaries/printf.o
                                         0x38 (size before relaxing)
 .eh_frame      0x000000000011d660       0x20 binaries/putchar.o
                                         0x38 (size before relaxing)
 .eh_frame      0x000000000011d680       0xa8 binaries/qsort.o
                                         0xc0 (size before relaxing)
 .eh_frame      0x000000000011d728       0x60 binaries/rand.o
                                         0x78 (size before relaxing)
 .eh_frame      0x000000000011d788       0x40 binaries/sprintf.o
                                         0x58 (size before relaxing)
 .eh_frame      0x000000000011d7c8       0x60 binaries/sscanf.o
                                         0x78 (size before relaxing)
 .eh_frame      0x000000000011d828       0x20 binaries/strchr.o
                                         0x38 (size before relaxing)
 .eh_frame      0x000000000011d848       0x20 binaries/strcmp.o
                                         0x38 (size before relaxing)
 .eh_frame      0x000000000011d868       0x20 binaries/strcpy.o
                                         0x38 (size before relaxing)
 .eh_frame      0x000000000011d888       0x20 binaries/strlen.o
                                         0x38 (size before relaxing)
 .eh_frame      0x000000000011d8a8       0x20 binaries/strncat.o
                                         0x38 (size before relaxing)
 .eh_frame      0x000000000011d8c8       0x20 binaries/strncmp.o
                                         0x38 (size before relaxing)
 .eh_frame      0x000000000011d8e8       0x28 binaries/strncpy.o
                                         0x40 (size before relaxing)
 .eh_frame      0x000000000011d910       0x20 binaries/strnlen.o
                                         0x38 (size before relaxing)
 .eh_frame      0x000000000011d930       0x20 binaries/strrchr.o
                                         0x38 (size before relaxing)
 .eh_frame      0x000000000011d950       0x20 binaries/strstr.o
                                         0x38 (size before relaxing)
 .eh_frame      0x000000000011d970       0x20 binaries/ttycontrol.o
                                         0x38 (size before relaxing)
 .eh_frame      0x000000000011d990       0x20 binaries/ttygetc.o
                                         0x38 (size before relaxing)
 .eh_frame      0x000000000011d9b0       0x80 binaries/ttyhandle_in.o
                                         0x98 (size before relaxing)
 .eh_frame      0x000000000011da30       0x20 binaries/ttyhandle_out.o
                                         0x38 (size before relaxing)
 .eh_frame      0x000000000011da50       0x20 binaries/ttyhandler.o
                                         0x38 (size before relaxing)
 .eh_frame      0x000000000011da70       0x20 binaries/ttyinit.o
                                         0x38 (size before relaxing)
 .eh_frame      0x000000000011da90       0x20 binaries/ttykickout.o
                                         0x38 (size before relaxing)
 .eh_frame      0x000000000011dab0       0x20 binaries/ttyputc.o
                                         0x38 (size before relaxing)
 .eh_frame      0x000000000011dad0       0x24 binaries/ttyread.o
                                         0x3c (size before relaxing)
 .eh_frame      0x000000000011daf4       0x20 binaries/ttywrite.o
                                         0x38 (size before relaxing)
 .eh_frame      0x000000000011db14       0x40 binaries/mount.o
                                         0x58 (size before relaxing)
 .eh_frame      0x000000000011db54       0x20 binaries/naminit.o
                                         0x38 (size before relaxing)
 .eh_frame      0x000000000011db74       0x60 binaries/nammap.o
                                         0x78 (size before relaxing)
 .eh_frame      0x000000000011dbd4       0x20 binaries/namopen.o
                                         0x38 (size before relaxing)
 .eh_frame      0x000000000011dbf4      0x150 binaries/82545EMInit.o
                                        0x168 (size before relaxing)
 .eh_frame      0x000000000011dd44       0xa0 binaries/ethcontrol.o
                                         0xb8 (size before relaxing)
 .eh_frame      0x000000000011dde4       0x80 binaries/ethhandler.o
                                         0x98 (size before relaxing)
 .eh_frame      0x000000000011de64       0x20 binaries/ethinit.o
                                         0x38 (size before relaxing)
 .eh_frame      0x000000000011de84       0x60 binaries/ethread.o
                                         0x78 (size before relaxing)
 .eh_frame      0x000000000011dee4       0x60 binaries/ethwrite.o
                                         0x78 (size before relaxing)
 .eh_frame      0x000000000011df44       0x20 binaries/rdsbufalloc.o
                                         0x38 (size before relaxing)
 .eh_frame      0x000000000011df64       0x20 binaries/rdsclose.o
                                         0x38 (size before relaxing)
 .eh_frame      0x000000000011df84       0x20 binaries/rdscomm.o
                                         0x38 (size before relaxing)
 .eh_frame      0x000000000011dfa4       0x20 binaries/rdscontrol.o
                                         0x38 (size before relaxing)
 .eh_frame      0x000000000011dfc4       0x20 binaries/rdsinit.o
                                         0x38 (size before relaxing)
 .eh_frame      0x000000000011dfe4       0x20 binaries/rdsopen.o
                                         0x38 (size before relaxing)
 .eh_frame      0x000000000011e004       0x1c binaries/rdsprocess.o
                                         0x34 (size before relaxing)
 .eh_frame      0x000000000011e020       0x20 binaries/rdsread.o
                                         0x38 (size before relaxing)
 .eh_frame      0x000000000011e040       0x20 binaries/rdswrite.o
                                         0x38 (size before relaxing)
 .eh_frame      0x000000000011e060       0x20 binaries/ramclose.o
                                         0x38 (size before relaxing)
 .eh_frame      0x000000000011e080       0x20 binaries/raminit.o
                                         0x38 (size before relaxing)
 .eh_frame      0x000000000011e0a0       0x20 binaries/ramopen.o
                                         0x38 (size before relaxing)
 .eh_frame      0x000000000011e0c0       0x20 binaries/ramread.o
                                         0x38 (size before relaxing)
 .eh_frame      0x000000000011e0e0       0x20 binaries/ramwrite.o
                                         0x38 (size before relaxing)
 .eh_frame      0x000000000011e100       0x20 binaries/lfdballoc.o
                                         0x38 (size before relaxing)
 .eh_frame      0x000000000011e120       0x20 binaries/lfdbfree.o
                                         0x38 (size before relaxing)
 .eh_frame      0x000000000011e140       0x20 binaries/lfflush.o
                                         0x38 (size before relaxing)
 .eh_frame      0x000000000011e160       0x20 binaries/lfgetmode.o
                                         0x38 (size before relaxing)
 .eh_frame      0x000000000011e180       0x20 binaries/lfiballoc.o
                                         0x38 (size before relaxing)
 .eh_frame      0x000000000011e1a0       0x20 binaries/lfibclear.o
                                         0x38 (size before relaxing)
 .eh_frame      0x000000000011e1c0       0x20 binaries/lfibget.o
                                         0x38 (size before relaxing)
 .eh_frame      0x000000000011e1e0       0x20 binaries/lfibput.o
                                         0x38 (size before relaxing)
 .eh_frame      0x000000000011e200       0x20 binaries/lflclose.o
                                         0x38 (size before relaxing)
 .eh_frame      0x000000000011e220       0x20 binaries/lflcontrol.o
                                         0x38 (size before relaxing)
 .eh_frame      0x000000000011e240       0x20 binaries/lflgetc.o
                                         0x38 (size before relaxing)
 .eh_frame      0x000000000011e260       0x20 binaries/lflinit.o
                                         0x38 (size before relaxing)
 .eh_frame      0x000000000011e280       0x20 binaries/lflputc.o
                                         0x38 (size before relaxing)
 .eh_frame      0x000000000011e2a0       0x20 binaries/lflread.o
                                         0x38 (size before relaxing)
 .eh_frame      0x000000000011e2c0       0x20 binaries/lflseek.o
                                         0x38 (size before relaxing)
 .eh_frame      0x000000000011e2e0       0x20 binaries/lflwrite.o
                                         0x38 (size before relaxing)
 .eh_frame      0x000000000011e300       0x20 binaries/lfscheck.o
                                         0x38 (size before relaxing)
 .eh_frame      0x000000000011e320       0x20 binaries/lfsckfmt.o
                                         0x38 (size before relaxing)
 .eh_frame      0x000000000011e340       0x20 binaries/lfscreate.o
                                         0x38 (size before relaxing)
 .eh_frame      0x000000000011e360       0x20 binaries/lfsetup.o
                                         0x38 (size before relaxing)
 .eh_frame      0x000000000011e380       0x20 binaries/lfsinit.o
                                         0x38 (size before relaxing)
 .eh_frame      0x000000000011e3a0       0x20 binaries/lfsopen.o
                                         0x38 (size before relaxing)
 .eh_frame      0x000000000011e3c0       0x20 binaries/lftruncate.o
                                         0x38 (size before relaxing)
 .eh_frame      0x000000000011e3e0       0x20 binaries/rflclose.o
                                         0x38 (size before relaxing)
 .eh_frame      0x000000000011e400       0x20 binaries/rflgetc.o
                                         0x38 (size before relaxing)
 .eh_frame      0x000000000011e420       0x20 binaries/rflinit.o
                                         0x38 (size before relaxing)
 .eh_frame      0x000000000011e440       0x20 binaries/rflputc.o
                                         0x38 (size before relaxing)
 .eh_frame      0x000000000011e460       0x20 binaries/rflread.o
                                         0x38 (size before relaxing)
 .eh_frame      0x000000000011e480       0x20 binaries/rflseek.o
                                         0x38 (size before relaxing)
 .eh_frame      0x000000000011e4a0       0x20 binaries/rflwrite.o
                                         0x38 (size before relaxing)
 .eh_frame      0x000000000011e4c0       0x20 binaries/rfscomm.o
                                         0x38 (size before relaxing)
 .eh_frame      0x000000000011e4e0       0x20 binaries/rfscontrol.o
                                         0x38 (size before relaxing)
 .eh_frame      0x000000000011e500       0x20 binaries/rfsgetmode.o
                                         0x38 (size before relaxing)
 .eh_frame      0x000000000011e520       0x20 binaries/rfsinit.o
                                         0x38 (size before relaxing)
 .eh_frame      0x000000000011e540       0x20 binaries/rfsndmsg.o
                                         0x38 (size before relaxing)
 .eh_frame      0x000000000011e560       0x20 binaries/rfsopen.o
                                         0x38 (size before relaxing)
 .eh_frame      0x000000000011e580       0xc0 binaries/arp.o
                                         0xd8 (size before relaxing)
 .eh_frame      0x000000000011e640       0xa0 binaries/dhcp.o
                                         0xb8 (size before relaxing)
 .eh_frame      0x000000000011e6e0       0x80 binaries/dns.o
                                         0x98 (size before relaxing)
 .eh_frame      0x000000000011e760       0x20 binaries/dot2ip.o
                                         0x38 (size before relaxing)
 .eh_frame      0x000000000011e780       0x40 binaries/hexdump.o
                                         0x58 (size before relaxing)
 .eh_frame      0x000000000011e7c0      0x14c binaries/icmp.o
                                        0x164 (size before relaxing)
 .eh_frame      0x000000000011e90c      0x11c binaries/ip.o
                                        0x134 (size before relaxing)
 .eh_frame      0x000000000011ea28       0xa0 binaries/net.o
                                         0xb8 (size before relaxing)
 .eh_frame      0x000000000011eac8       0x60 binaries/pdump.o
                                         0x78 (size before relaxing)
 .eh_frame      0x000000000011eb28       0x60 binaries/tftp.o
                                         0x78 (size before relaxing)
 .eh_frame      0x000000000011eb88      0x140 binaries/udp.o
                                        0x158 (size before relaxing)
 .eh_frame      0x000000000011ecc8       0x20 binaries/addargs.o
                                         0x38 (size before relaxing)
 .eh_frame      0x000000000011ece8       0x20 binaries/lexan.o
                                         0x38 (size before relaxing)
 .eh_frame      0x000000000011ed08       0x20 binaries/shell.o
                                         0x38 (size before relaxing)
 .eh_frame      0x000000000011ed28       0x20 binaries/xsh_argecho.o
                                         0x38 (size before relaxing)
 .eh_frame      0x000000000011ed48       0x40 binaries/xsh_arp.o
                                         0x58 (size before relaxing)
 .eh_frame      0x000000000011ed88       0x20 binaries/xsh_cat.o
                                         0x38 (size before relaxing)
 .eh_frame      0x000000000011eda8       0x20 binaries/xsh_clear.o
                                         0x38 (size before relaxing)
 .eh_frame      0x000000000011edc8       0x20 binaries/xsh_date.o
                                         0x38 (size before relaxing)
 .eh_frame      0x000000000011ede8       0x20 binaries/xsh_devdump.o
                                         0x38 (size before relaxing)
 .eh_frame      0x000000000011ee08       0x20 binaries/xsh_echo.o
                                         0x38 (size before relaxing)
 .eh_frame      0x000000000011ee28       0x20 binaries/xsh_exit.o
                                         0x38 (size before relaxing)
 .eh_frame      0x000000000011ee48       0x20 binaries/xsh_help.o
                                         0x38 (size before relaxing)
 .eh_frame      0x000000000011ee68       0x20 binaries/xsh_kill.o
                                         0x38 (size before relaxing)
 .eh_frame      0x000000000011ee88       0x40 binaries/xsh_memdump.o
                                         0x58 (size before relaxing)
 .eh_frame      0x000000000011eec8       0x60 binaries/xsh_memstat.o
                                         0x78 (size before relaxing)
 .eh_frame      0x000000000011ef28       0x30 binaries/xsh_netinfo.o
                                         0x48 (size before relaxing)
 .eh_frame      0x000000000011ef58       0x24 binaries/xsh_ping.o
                                         0x3c (size before relaxing)
 .eh_frame      0x000000000011ef7c       0x30 binaries/xsh_ps.o
                                         0x48 (size before relaxing)
 .eh_frame      0x000000000011efac       0x20 binaries/xsh_sleep.o
                                         0x38 (size before relaxing)
 .eh_frame      0x000000000011efcc       0x20 binaries/xsh_udpdump.o
                                         0x38 (size before relaxing)
 .eh_frame      0x000000000011efec       0x30 binaries/xsh_udpecho.o
                                         0x48 (size before relaxing)
 .eh_frame      0x000000000011f01c       0x24 binaries/xsh_udpserver.o
                                         0x3c (size before relaxing)
 .eh_frame      0x000000000011f040       0x20 binaries/xsh_uptime.o
                                         0x38 (size before relaxing)

.iplt           0x000000000011f060        0x0
 .iplt          0x000000000011f060        0x0 binaries/start.o

.rel.dyn        0x000000000011f060        0x0
 .rel.iplt      0x000000000011f060        0x0 binaries/start.o
 .rel.text      0x000000000011f060        0x0 binaries/start.o
 .rel.data      0x000000000011f060        0x0 binaries/start.o
 .rel.rodata    0x000000000011f060        0x0 binaries/start.o

.data           0x000000000011f060      0xfa0
                0x000000000011f060                data = ABSOLUTE (.)
 *(.data .data.*)
 .data          0x000000000011f060      0x460 binaries/start.o
                0x000000000011f060                gdt
                0x000000000011f0a0                gdtr
                0x000000000011f0a6                idt
                0x000000000011f4a6                idtr
                0x000000000011f4ac                cpudelay
                0x000000000011f4b0                _bootdev
                0x000000000011f4b4                _cyloffset
 .data          0x000000000011f4c0        0x0 binaries/active_lock.o
 .data          0x000000000011f4c0       0x88 binaries/ascdate.o
                0x000000000011f4c0                Date
 .data          0x000000000011f548        0x0 binaries/bufinit.o
 .data          0x000000000011f548        0x0 binaries/chprio.o
 .data          0x000000000011f548        0x4 binaries/clkhandler.o
 .data          0x000000000011f54c        0x0 binaries/clkinit.o
 .data          0x000000000011f54c        0x0 binaries/close.o
 *fill*         0x000000000011f54c       0x14 
 .data          0x000000000011f560      0x5a0 binaries/conf.o
                0x000000000011f560                devtab
 .data          0x000000000011fb00        0x0 binaries/control.o
 .data          0x000000000011fb00        0x4 binaries/create.o
 *fill*         0x000000000011fb04       0x1c 
 .data          0x000000000011fb20       0x40 binaries/evec.o
                0x000000000011fb20                inames
 .data          0x000000000011fb60        0x0 binaries/exit.o
 .data          0x000000000011fb60        0x0 binaries/freebuf.o
 .data          0x000000000011fb60        0x0 binaries/freemem.o
 .data          0x000000000011fb60        0x0 binaries/getbuf.o
 .data          0x000000000011fb60        0x0 binaries/getc.o
 .data          0x000000000011fb60        0x0 binaries/getdev.o
 .data          0x000000000011fb60        0x0 binaries/getitem.o
[...]
 .comment       0x000000000000001d       0x1e binaries/icmp.o
 .comment       0x000000000000001d       0x1e binaries/ip.o
 .comment       0x000000000000001d       0x1e binaries/net.o
 .comment       0x000000000000001d       0x1e binaries/pdump.o
 .comment       0x000000000000001d       0x1e binaries/tftp.o
 .comment       0x000000000000001d       0x1e binaries/udp.o
 .comment       0x000000000000001d       0x1e binaries/addargs.o
 .comment       0x000000000000001d       0x1e binaries/lexan.o
 .comment       0x000000000000001d       0x1e binaries/shell.o
 .comment       0x000000000000001d       0x1e binaries/xsh_argecho.o
 .comment       0x000000000000001d       0x1e binaries/xsh_arp.o
 .comment       0x000000000000001d       0x1e binaries/xsh_cat.o
 .comment       0x000000000000001d       0x1e binaries/xsh_clear.o
 .comment       0x000000000000001d       0x1e binaries/xsh_date.o
 .comment       0x000000000000001d       0x1e binaries/xsh_devdump.o
 .comment       0x000000000000001d       0x1e binaries/xsh_echo.o
 .comment       0x000000000000001d       0x1e binaries/xsh_exit.o
 .comment       0x000000000000001d       0x1e binaries/xsh_help.o
 .comment       0x000000000000001d       0x1e binaries/xsh_kill.o
 .comment       0x000000000000001d       0x1e binaries/xsh_memdump.o
 .comment       0x000000000000001d       0x1e binaries/xsh_memstat.o
 .comment       0x000000000000001d       0x1e binaries/xsh_netinfo.o
 .comment       0x000000000000001d       0x1e binaries/xsh_ping.o
 .comment       0x000000000000001d       0x1e binaries/xsh_ps.o
 .comment       0x000000000000001d       0x1e binaries/xsh_sleep.o
 .comment       0x000000000000001d       0x1e binaries/xsh_udpdump.o
 .comment       0x000000000000001d       0x1e binaries/xsh_udpecho.o
 .comment       0x000000000000001d       0x1e binaries/xsh_udpserver.o
 .comment       0x000000000000001d       0x1e binaries/xsh_uptime.o

.note.GNU-stack
                0x0000000000000000        0x0
 .note.GNU-stack
                0x0000000000000000        0x0 binaries/active_lock.o
 .note.GNU-stack
                0x0000000000000000        0x0 binaries/ascdate.o
 .note.GNU-stack
                0x0000000000000000        0x0 binaries/bufinit.o
 .note.GNU-stack
                0x0000000000000000        0x0 binaries/chprio.o
 .note.GNU-stack
                0x0000000000000000        0x0 binaries/clkhandler.o
 .note.GNU-stack
                0x0000000000000000        0x0 binaries/clkinit.o
 .note.GNU-stack
                0x0000000000000000        0x0 binaries/close.o
 .note.GNU-stack
                0x0000000000000000        0x0 binaries/conf.o
 .note.GNU-stack
                0x0000000000000000        0x0 binaries/control.o
 .note.GNU-stack
                0x0000000000000000        0x0 binaries/create.o
 .note.GNU-stack
                0x0000000000000000        0x0 binaries/evec.o
 .note.GNU-stack
                0x0000000000000000        0x0 binaries/exit.o
 .note.GNU-stack
                0x0000000000000000        0x0 binaries/freebuf.o
 .note.GNU-stack
                0x0000000000000000        0x0 binaries/freemem.o
 .note.GNU-stack
                0x0000000000000000        0x0 binaries/getbuf.o
 .note.GNU-stack
                0x0000000000000000        0x0 binaries/getc.o
 .note.GNU-stack
                0x0000000000000000        0x0 binaries/getdev.o
 .note.GNU-stack
                0x0000000000000000        0x0 binaries/getitem.o
 .note.GNU-stack
                0x0000000000000000        0x0 binaries/getmem.o
 .note.GNU-stack
                0x0000000000000000        0x0 binaries/getpid.o
 .note.GNU-stack
                0x0000000000000000        0x0 binaries/getprio.o
 .note.GNU-stack
                0x0000000000000000        0x0 binaries/getstk.o
 .note.GNU-stack
                0x0000000000000000        0x0 binaries/getticks.o
 .note.GNU-stack
                0x0000000000000000        0x0 binaries/gettime.o
 .note.GNU-stack
                0x0000000000000000        0x0 binaries/getutime.o
 .note.GNU-stack
                0x0000000000000000        0x0 binaries/i386.o
 .note.GNU-stack
                0x0000000000000000        0x0 binaries/init.o
 .note.GNU-stack
                0x0000000000000000        0x0 binaries/initialize.o
 .note.GNU-stack
                0x0000000000000000        0x0 binaries/insert.o
 .note.GNU-stack
                0x0000000000000000        0x0 binaries/insertd.o
 .note.GNU-stack
                0x0000000000000000        0x0 binaries/ioerr.o
 .note.GNU-stack
                0x0000000000000000        0x0 binaries/ionull.o
 .note.GNU-stack
                0x0000000000000000        0x0 binaries/kill.o
 .note.GNU-stack
                0x0000000000000000        0x0 binaries/kprintf.o
 .note.GNU-stack
                0x0000000000000000        0x0 binaries/lock.o
 .note.GNU-stack
                0x0000000000000000        0x0 binaries/main.o
 .note.GNU-stack
                0x0000000000000000        0x0 binaries/mark.o
 .note.GNU-stack
                0x0000000000000000        0x0 binaries/meminit.o
 .note.GNU-stack
                0x0000000000000000        0x0 binaries/mkbufpool.o
 .note.GNU-stack
                0x0000000000000000        0x0 binaries/newqueue.o
 .note.GNU-stack
                0x0000000000000000        0x0 binaries/open.o
 .note.GNU-stack
                0x0000000000000000        0x0 binaries/panic.o
 .note.GNU-stack
                0x0000000000000000        0x0 binaries/pci.o
 .note.GNU-stack
                0x0000000000000000        0x0 binaries/pi_lock.o
 .note.GNU-stack
                0x0000000000000000        0x0 binaries/ptclear.o
 .note.GNU-stack
                0x0000000000000000        0x0 binaries/ptcount.o
 .note.GNU-stack
                0x0000000000000000        0x0 binaries/ptcreate.o
 .note.GNU-stack
                0x0000000000000000        0x0 binaries/ptdelete.o
 .note.GNU-stack
                0x0000000000000000        0x0 binaries/ptinit.o
 .note.GNU-stack
                0x0000000000000000        0x0 binaries/ptrecv.o
 .note.GNU-stack
                0x0000000000000000        0x0 binaries/ptreset.o
 .note.GNU-stack
                0x0000000000000000        0x0 binaries/ptsend.o
 .note.GNU-stack
                0x0000000000000000        0x0 binaries/putc.o
 .note.GNU-stack
                0x0000000000000000        0x0 binaries/queue.o
 .note.GNU-stack
                0x0000000000000000        0x0 binaries/read.o
 .note.GNU-stack
                0x0000000000000000        0x0 binaries/ready.o
 .note.GNU-stack
                0x0000000000000000        0x0 binaries/receive.o
 .note.GNU-stack
                0x0000000000000000        0x0 binaries/recvclr.o
 .note.GNU-stack
                0x0000000000000000        0x0 binaries/recvtime.o
 .note.GNU-stack
                0x0000000000000000        0x0 binaries/resched.o
 .note.GNU-stack
                0x0000000000000000        0x0 binaries/resume.o
 .note.GNU-stack
                0x0000000000000000        0x0 binaries/seek.o
 .note.GNU-stack
                0x0000000000000000        0x0 binaries/semcount.o
 .note.GNU-stack
                0x0000000000000000        0x0 binaries/semcreate.o
 .note.GNU-stack
                0x0000000000000000        0x0 binaries/semdelete.o
 .note.GNU-stack
                0x0000000000000000        0x0 binaries/semreset.o
 .note.GNU-stack
                0x0000000000000000        0x0 binaries/send.o
 .note.GNU-stack
                0x0000000000000000        0x0 binaries/signal.o
 .note.GNU-stack
                0x0000000000000000        0x0 binaries/signaln.o
 .note.GNU-stack
                0x0000000000000000        0x0 binaries/sleep.o
 .note.GNU-stack
                0x0000000000000000        0x0 binaries/spinlock.o
 .note.GNU-stack
                0x0000000000000000        0x0 binaries/stacktrace.o
 .note.GNU-stack
                0x0000000000000000        0x0 binaries/suspend.o
 .note.GNU-stack
                0x0000000000000000        0x0 binaries/unsleep.o
 .note.GNU-stack
                0x0000000000000000        0x0 binaries/userret.o
 .note.GNU-stack
                0x0000000000000000        0x0 binaries/wait.o
 .note.GNU-stack
                0x0000000000000000        0x0 binaries/wakeup.o
 .note.GNU-stack
                0x0000000000000000        0x0 binaries/write.o
 .note.GNU-stack
                0x0000000000000000        0x0 binaries/xdone.o
 .note.GNU-stack
                0x0000000000000000        0x0 binaries/yield.o
 .note.GNU-stack
                0x0000000000000000        0x0 binaries/abs.o
 .note.GNU-stack
                0x0000000000000000        0x0 binaries/atoi.o
 .note.GNU-stack
                0x0000000000000000        0x0 binaries/atol.o
 .note.GNU-stack
                0x0000000000000000        0x0 binaries/bzero.o
 .note.GNU-stack
                0x0000000000000000        0x0 binaries/ctype_.o
 .note.GNU-stack
                0x0000000000000000        0x0 binaries/doprnt.o
 .note.GNU-stack
                0x0000000000000000        0x0 binaries/doscan.o
 .note.GNU-stack
                0x0000000000000000        0x0 binaries/fdoprnt.o
 .note.GNU-stack
                0x0000000000000000        0x0 binaries/fgetc.o
 .note.GNU-stack
                0x0000000000000000        0x0 binaries/fgets.o
 .note.GNU-stack
                0x0000000000000000        0x0 binaries/fprintf.o
 .note.GNU-stack
                0x0000000000000000        0x0 binaries/fputc.o
 .note.GNU-stack
                0x0000000000000000        0x0 binaries/fputs.o
 .note.GNU-stack
                0x0000000000000000        0x0 binaries/fscanf.o
 .note.GNU-stack
                0x0000000000000000        0x0 binaries/getchar.o
 .note.GNU-stack
                0x0000000000000000        0x0 binaries/labs.o
 .note.GNU-stack
                0x0000000000000000        0x0 binaries/memchr.o
 .note.GNU-stack
                0x0000000000000000        0x0 binaries/memcmp.o
 .note.GNU-stack
                0x0000000000000000        0x0 binaries/memcpy.o
 .note.GNU-stack
                0x0000000000000000        0x0 binaries/memset.o
 .note.GNU-stack
                0x0000000000000000        0x0 binaries/printf.o
 .note.GNU-stack
                0x0000000000000000        0x0 binaries/putchar.o
 .note.GNU-stack
                0x0000000000000000        0x0 binaries/qsort.o
 .note.GNU-stack
                0x0000000000000000        0x0 binaries/rand.o
 .note.GNU-stack
                0x0000000000000000        0x0 binaries/sprintf.o
 .note.GNU-stack
                0x0000000000000000        0x0 binaries/sscanf.o
 .note.GNU-stack
                0x0000000000000000        0x0 binaries/strchr.o
 .note.GNU-stack
                0x0000000000000000        0x0 binaries/strcmp.o
 .note.GNU-stack
                0x0000000000000000        0x0 binaries/strcpy.o
 .note.GNU-stack
                0x0000000000000000        0x0 binaries/strlen.o
 .note.GNU-stack
                0x0000000000000000        0x0 binaries/strncat.o
 .note.GNU-stack
                0x0000000000000000        0x0 binaries/strncmp.o
 .note.GNU-stack
                0x0000000000000000        0x0 binaries/strncpy.o
 .note.GNU-stack
                0x0000000000000000        0x0 binaries/strnlen.o
 .note.GNU-stack
                0x0000000000000000        0x0 binaries/strrchr.o
 .note.GNU-stack
                0x0000000000000000        0x0 binaries/strstr.o
 .note.GNU-stack
                0x0000000000000000        0x0 binaries/ttycontrol.o
 .note.GNU-stack
                0x0000000000000000        0x0 binaries/ttygetc.o
 .note.GNU-stack
                0x0000000000000000        0x0 binaries/ttyhandle_in.o
 .note.GNU-stack
                0x0000000000000000        0x0 binaries/ttyhandle_out.o
 .note.GNU-stack
                0x0000000000000000        0x0 binaries/ttyhandler.o
 .note.GNU-stack
                0x0000000000000000        0x0 binaries/ttyinit.o
 .note.GNU-stack
                0x0000000000000000        0x0 binaries/ttykickout.o
 .note.GNU-stack
                0x0000000000000000        0x0 binaries/ttyputc.o
 .note.GNU-stack
                0x0000000000000000        0x0 binaries/ttyread.o
 .note.GNU-stack
                0x0000000000000000        0x0 binaries/ttywrite.o
 .note.GNU-stack
                0x0000000000000000        0x0 binaries/mount.o
 .note.GNU-stack
                0x0000000000000000        0x0 binaries/naminit.o
 .note.GNU-stack
                0x0000000000000000        0x0 binaries/nammap.o
 .note.GNU-stack
                0x0000000000000000        0x0 binaries/namopen.o
 .note.GNU-stack
                0x0000000000000000        0x0 binaries/82545EMInit.o
 .note.GNU-stack
                0x0000000000000000        0x0 binaries/ethcontrol.o
 .note.GNU-stack
                0x0000000000000000        0x0 binaries/ethhandler.o
 .note.GNU-stack
                0x0000000000000000        0x0 binaries/ethinit.o
 .note.GNU-stack
                0x0000000000000000        0x0 binaries/ethread.o
 .note.GNU-stack
                0x0000000000000000        0x0 binaries/ethwrite.o
 .note.GNU-stack
                0x0000000000000000        0x0 binaries/rdsbufalloc.o
 .note.GNU-stack
                0x0000000000000000        0x0 binaries/rdsclose.o
 .note.GNU-stack
                0x0000000000000000        0x0 binaries/rdscomm.o
 .note.GNU-stack
                0x0000000000000000        0x0 binaries/rdscontrol.o
 .note.GNU-stack
                0x0000000000000000        0x0 binaries/rdsinit.o
 .note.GNU-stack
                0x0000000000000000        0x0 binaries/rdsopen.o
 .note.GNU-stack
                0x0000000000000000        0x0 binaries/rdsprocess.o
 .note.GNU-stack
                0x0000000000000000        0x0 binaries/rdsread.o
 .note.GNU-stack
                0x0000000000000000        0x0 binaries/rdswrite.o
 .note.GNU-stack
                0x0000000000000000        0x0 binaries/ramclose.o
 .note.GNU-stack
                0x0000000000000000        0x0 binaries/raminit.o
 .note.GNU-stack
                0x0000000000000000        0x0 binaries/ramopen.o
 .note.GNU-stack
                0x0000000000000000        0x0 binaries/ramread.o
 .note.GNU-stack
                0x0000000000000000        0x0 binaries/ramwrite.o
 .note.GNU-stack
                0x0000000000000000        0x0 binaries/lfdballoc.o
 .note.GNU-stack
                0x0000000000000000        0x0 binaries/lfdbfree.o
 .note.GNU-stack
                0x0000000000000000        0x0 binaries/lfflush.o
 .note.GNU-stack
                0x0000000000000000        0x0 binaries/lfgetmode.o
 .note.GNU-stack
                0x0000000000000000        0x0 binaries/lfiballoc.o
 .note.GNU-stack
                0x0000000000000000        0x0 binaries/lfibclear.o
 .note.GNU-stack
                0x0000000000000000        0x0 binaries/lfibget.o
 .note.GNU-stack
                0x0000000000000000        0x0 binaries/lfibput.o
 .note.GNU-stack
                0x0000000000000000        0x0 binaries/lflclose.o
 .note.GNU-stack
                0x0000000000000000        0x0 binaries/lflcontrol.o
 .note.GNU-stack
                0x0000000000000000        0x0 binaries/lflgetc.o
 .note.GNU-stack
                0x0000000000000000        0x0 binaries/lflinit.o
 .note.GNU-stack
                0x0000000000000000        0x0 binaries/lflputc.o
 .note.GNU-stack
                0x0000000000000000        0x0 binaries/lflread.o
 .note.GNU-stack
                0x0000000000000000        0x0 binaries/lflseek.o
 .note.GNU-stack
                0x0000000000000000        0x0 binaries/lflwrite.o
 .note.GNU-stack
                0x0000000000000000        0x0 binaries/lfscheck.o
 .note.GNU-stack
                0x0000000000000000        0x0 binaries/lfsckfmt.o
 .note.GNU-stack
                0x0000000000000000        0x0 binaries/lfscreate.o
 .note.GNU-stack
                0x0000000000000000        0x0 binaries/lfsetup.o
 .note.GNU-stack
                0x0000000000000000        0x0 binaries/lfsinit.o
 .note.GNU-stack
                0x0000000000000000        0x0 binaries/lfsopen.o
 .note.GNU-stack
                0x0000000000000000        0x0 binaries/lftruncate.o
 .note.GNU-stack
                0x0000000000000000        0x0 binaries/rflclose.o
 .note.GNU-stack
                0x0000000000000000        0x0 binaries/rflgetc.o
 .note.GNU-stack
                0x0000000000000000        0x0 binaries/rflinit.o
 .note.GNU-stack
                0x0000000000000000        0x0 binaries/rflputc.o
 .note.GNU-stack
                0x0000000000000000        0x0 binaries/rflread.o
 .note.GNU-stack
                0x0000000000000000        0x0 binaries/rflseek.o
 .note.GNU-stack
                0x0000000000000000        0x0 binaries/rflwrite.o
 .note.GNU-stack
                0x0000000000000000        0x0 binaries/rfscomm.o
 .note.GNU-stack
                0x0000000000000000        0x0 binaries/rfscontrol.o
 .note.GNU-stack
                0x0000000000000000        0x0 binaries/rfsgetmode.o
 .note.GNU-stack
                0x0000000000000000        0x0 binaries/rfsinit.o
 .note.GNU-stack
                0x0000000000000000        0x0 binaries/rfsndmsg.o
 .note.GNU-stack
                0x0000000000000000        0x0 binaries/rfsopen.o
 .note.GNU-stack
                0x0000000000000000        0x0 binaries/arp.o
 .note.GNU-stack
                0x0000000000000000        0x0 binaries/dhcp.o
 .note.GNU-stack
                0x0000000000000000        0x0 binaries/dns.o
 .note.GNU-stack
                0x0000000000000000        0x0 binaries/dot2ip.o
 .note.GNU-stack
                0x0000000000000000        0x0 binaries/hexdump.o
 .note.GNU-stack
                0x0000000000000000        0x0 binaries/icmp.o
 .note.GNU-stack
                0x0000000000000000        0x0 binaries/ip.o
 .note.GNU-stack
                0x0000000000000000        0x0 binaries/net.o
 .note.GNU-stack
                0x0000000000000000        0x0 binaries/pdump.o
 .note.GNU-stack
                0x0000000000000000        0x0 binaries/tftp.o
 .note.GNU-stack
                0x0000000000000000        0x0 binaries/udp.o
 .note.GNU-stack
                0x0000000000000000        0x0 binaries/addargs.o
 .note.GNU-stack
                0x0000000000000000        0x0 binaries/lexan.o
 .note.GNU-stack
                0x0000000000000000        0x0 binaries/shell.o
 .note.GNU-stack
                0x0000000000000000        0x0 binaries/xsh_argecho.o
 .note.GNU-stack
                0x0000000000000000        0x0 binaries/xsh_arp.o
 .note.GNU-stack
                0x0000000000000000        0x0 binaries/xsh_cat.o
 .note.GNU-stack
                0x0000000000000000        0x0 binaries/xsh_clear.o
 .note.GNU-stack
                0x0000000000000000        0x0 binaries/xsh_date.o
 .note.GNU-stack
                0x0000000000000000        0x0 binaries/xsh_devdump.o
 .note.GNU-stack
                0x0000000000000000        0x0 binaries/xsh_echo.o
 .note.GNU-stack
                0x0000000000000000        0x0 binaries/xsh_exit.o
 .note.GNU-stack
                0x0000000000000000        0x0 binaries/xsh_help.o
 .note.GNU-stack
                0x0000000000000000        0x0 binaries/xsh_kill.o
 .note.GNU-stack
                0x0000000000000000        0x0 binaries/xsh_memdump.o
 .note.GNU-stack
                0x0000000000000000        0x0 binaries/xsh_memstat.o
 .note.GNU-stack
                0x0000000000000000        0x0 binaries/xsh_netinfo.o
 .note.GNU-stack
                0x0000000000000000        0x0 binaries/xsh_ping.o
 .note.GNU-stack
                0x0000000000000000        0x0 binaries/xsh_ps.o
 .note.GNU-stack
                0x0000000000000000        0x0 binaries/xsh_sleep.o
 .note.GNU-stack
                0x0000000000000000        0x0 binaries/xsh_udpdump.o
 .note.GNU-stack
                0x0000000000000000        0x0 binaries/xsh_udpecho.o
 .note.GNU-stack
                0x0000000000000000        0x0 binaries/xsh_udpserver.o
 .note.GNU-stack
                0x0000000000000000        0x0 binaries/xsh_uptime.o
